
> starter_helpi@0.1.0 test
> react-scripts test --coverage

FAIL src/App.test.tsx
  ✕ renders learn react link (45 ms)

  ● renders learn react link

    TestingLibraryElementError: Unable to find an element with the text: /learn react/i. This could be because the text is broken up by multiple elements. In this case, you can provide a function for your text matcher to make your matcher more flexible.

    Ignored nodes: comments, script, style
    [36m<body>[39m
      [36m<div>[39m
        [36m<div[39m
          [33mclass[39m=[32m"App"[39m
        [36m>[39m
          [36m<div[39m
            [33mclass[39m=[32m"button-container"[39m
          [36m/>[39m
          [36m<div[39m
            [33mclass[39m=[32m"App-body"[39m
          [36m>[39m
            [36m<div[39m
              [33mclass[39m=[32m"intro-container frosted-glass"[39m
            [36m>[39m
              [36m<h1>[39m
                [0mCool Career Corner[0m
              [36m</h1>[39m
              [36m<p>[39m
                [0mWelcome to the Cool Career Corner - the destination of choice for all cool kids who care about their future! Here, you'll find tools to help you understand your strengths and how they can be applied to specific careers. Are you ready to discover your destiny?[0m
              [36m</p>[39m
            [36m</div>[39m
            [36m<div[39m
              [33mclass[39m=[32m"quiz-header-container"[39m
            [36m>[39m
              [36m<h2[39m
                [33mclass[39m=[32m"quiz-header"[39m
              [36m>[39m
                [0mCareer Challenges[0m
              [36m</h2>[39m
              [36m<p>[39m
                [0mWe offer two types of questionnaires, Basic Questions and Detailed Questions. [0m
              [36m</p>[39m
              [36m<p>[39m
                [0mRead below to find out which one is best for your needs. [0m
              [36m</p>[39m
            [36m</div>[39m
            [36m<div[39m
              [33mclass[39m=[32m"quizzes-container"[39m
            [36m>[39m
              [36m<div[39m
                [33mclass[39m=[32m"quiz-section frosted-glass"[39m
              [36m>[39m
                [36m<p>[39m
                  [0mMultiple choice! With just seven questions, get a rough idea of what career fields may be the best for you. [0m
                [36m</p>[39m
                [36m<button[39m
                  [33mclass[39m=[32m"fancyButton"[39m
                [36m>[39m
                  [0mBasic Questions[0m
                  [36m<svg[39m
                    [33mpreserveAspectRatio[39m=[32m"none"[39m
                    [33mviewBox[39m=[32m"0 0 200 100"[39m
                  [36m>[39m
                    [36m<rect[39m
                      [33mfill[39m=[32m"transparent"[39m
                      [33mheight[39m=[32m"100"[39m
                      [33mwidth[39m=[32m"200"[39m
                    [36m/>[39m
                  [36m</svg>[39m
                [36m</button>[39m
              [36m</div>[39m
              [36m<div[39m
                [33mclass[39m=[32m"quiz-section frosted-glass"[39m
              [36m>[39m
                [36m<p>[39m
                  [0mOpen response! Type your responses to the questions, and receive AI-generated career recommendations.[0m
                [36m</p>[39m
                [36m<button[39m
                  [33mclass[39m=[32m"fancyButton"[39m
                [36m>[39m
                  [0mDetailed Questions[0m
                  [36m<svg[39m
                    [33mpreserveAspectRatio[39m=[32m"none"[39m
                    [33mviewBox[39m=[32m"0 0 200 100"[39m
                  [36m>[39m
                    [36m<rect[39m
                      [33mfill[39m=[32m"transparent"[39m
                      [33mheight[39m=[32m"100"[39m
                      [33mwidth[39m=[32m"200"[39m
                    [36m/>[39m
                  [36m</svg>[39m
                [36m</button>[39m
              [36m</div>[39m
            [36m</div>[39m
          [36m</div>[39m
          [36m<footer>[39m
            [36m<p>[39m
              [0mHome | Donate | Contact Us | Terms of Service[0m
            [36m</p>[39m
            [36m<form[39m
              [33mclass[39m=[32m""[39m
            [36m>[39m
              [36m<label[39m
                [33mclass[39m=[32m"form-label"[39m
              [36m>[39m
                [0mAPI Key:[0m
              [36m</label>[39m
              [36m<input[39m
                [33mclass[39m=[32m"form-control"[39m
                [33mplaceholder[39m=[32m"Insert API Key Here"[39m
                [33mtype[39m=[32m"password"[39m
              [36m/>[39m
              [36m<br />[39m
              [36m<button[39m
                [33mclass[39m=[32m"Submit-Button btn btn-primary"[39m
                [33mtype[39m=[32m"button"[39m
              [36m>[39m
                [0mSubmit[0m
              [36m</button>[39m
            [36m</form>[39m
          [36m</footer>[39m
        [36m</div>[39m
      [36m</div>[39m
    [36m</body>[39m

       5 | test('renders learn react link', () => {
       6 |   render(<App />);
    >  7 |   const linkElement = screen.getByText(/learn react/i);
         |                              ^
       8 |   expect(linkElement).toBeInTheDocument();
       9 | });
      10 |

      at Object.getElementError (node_modules/@testing-library/react/node_modules/@testing-library/dom/dist/config.js:37:19)
      at node_modules/@testing-library/react/node_modules/@testing-library/dom/dist/query-helpers.js:76:38
      at node_modules/@testing-library/react/node_modules/@testing-library/dom/dist/query-helpers.js:52:17
      at getByText (node_modules/@testing-library/react/node_modules/@testing-library/dom/dist/query-helpers.js:95:19)
      at Object.<anonymous> (src/App.test.tsx:7:30)
      at TestScheduler.scheduleTests (node_modules/@jest/core/build/TestScheduler.js:333:13)
      at runJest (node_modules/@jest/core/build/runJest.js:404:19)
      at _run10000 (node_modules/@jest/core/build/cli/index.js:320:7)
      at runCLI (node_modules/@jest/core/build/cli/index.js:173:3)

-----------------------|---------|----------|---------|---------|-------------------
File                   | % Stmts | % Branch | % Funcs | % Lines | Uncovered Line #s 
-----------------------|---------|----------|---------|---------|-------------------
All files              |    6.66 |      7.5 |    2.38 |    6.71 |                   
 App.tsx               |   23.07 |     37.5 |    6.66 |   23.07 | 15-21,46-139      
 BasicQuestions.tsx    |    3.84 |        0 |       0 |    3.84 | 28-175            
 ButtonComponent.tsx   |       0 |      100 |       0 |       0 | 10-11             
 DetailedQuestions.tsx |    2.38 |        0 |       0 |    2.43 | 21-150            
 apiService.ts         |       0 |      100 |       0 |       0 | 26-27             
 index.tsx             |       0 |      100 |     100 |       0 | 7-19              
 reportWebVitals.ts    |       0 |        0 |       0 |       0 | 3-10              
-----------------------|---------|----------|---------|---------|-------------------
Test Suites: 1 failed, 1 total
Tests:       1 failed, 1 total
Snapshots:   0 total
Time:        3.589 s
Ran all test suites.
[0;33mOne of your dependencies, babel-preset-react-app, is importing the
"@babel/plugin-proposal-private-property-in-object" package without
declaring it in its dependencies. This is currently working because
"@babel/plugin-proposal-private-property-in-object" is already in your
node_modules folder for unrelated reasons, but it [1mmay break at any time[0;33m.

babel-preset-react-app is part of the create-react-app project, [1mwhich
is not maintianed anymore[0;33m. It is thus unlikely that this bug will
ever be fixed. Add "@babel/plugin-proposal-private-property-in-object" to
your devDependencies to work around this error. This will make this message
go away.[0m
  
